Microchip MPLAB XC8 Compiler V2.10 ()

Linker command line:

-W-3 --edf=C:\Program Files (x86)\Microchip\xc8\v2.10\pic\dat\en_msgs.txt \
  -cs -h+dist/default/production\Water_Level_Controller.X.production.sym \
  --cmf=dist/default/production\Water_Level_Controller.X.production.cmf -z \
  -Q16F877A -oC:\Users\Moham\AppData\Local\Temp\sid8.2 \
  --defsym=__MPLAB_BUILD=1 \
  -Mdist/default/production/Water_Level_Controller.X.production.map -E1 \
  -ver=XC8 --acfsm=1493 -ASTACK=0110h-016Fh -pstack=STACK \
  -ACODE=00h-07FFhx4 -ASTRCODE=00h-01FFFh -ASTRING=00h-0FFhx32 \
  -ACONST=00h-0FFhx32 -AENTRY=00h-0FFhx32 -ACOMMON=070h-07Fh \
  -ABANK0=020h-06Fh -ABANK1=0A0h-0EFh -ABANK2=0110h-016Fh \
  -ABANK3=0190h-01EFh -ARAM=020h-06Fh,0A0h-0EFh,0110h-016Fh,0190h-01EFh \
  -AABS1=020h-07Fh,0A0h-0EFh,0110h-016Fh,0190h-01EFh -ASFR0=00h-01Fh \
  -ASFR1=080h-09Fh -ASFR2=0100h-010Fh -ASFR3=0180h-018Fh \
  -preset_vec=00h,intentry,init,end_init -ppowerup=CODE -pcinit=CODE \
  -pfunctab=ENTRY -ACONFIG=02007h-02007h -pconfig=CONFIG -DCONFIG=2 \
  -AIDLOC=02000h-02003h -pidloc=IDLOC -DIDLOC=2 -AEEDATA=00h-0FFh/02100h \
  -peeprom_data=EEDATA -DEEDATA=2 -DCODE=2 -DSTRCODE=2 -DSTRING=2 -DCONST=2 \
  -DENTRY=2 -k C:\Users\Moham\AppData\Local\Temp\sid8.o \
  dist/default/production\Water_Level_Controller.X.production.o 

Object code version is 3.11

Machine type is 16F877A



                Name                               Link     Load   Length Selector   Space Scale
C:\Users\Moham\AppData\Local\Temp\sid8.o
                end_init                              0        0        3        0       0
                config                             2007     2007        1     400E       0
dist/default/production\Water_Level_Controller.X.production.o
                cinit                               7FC      7FC        4      FF8       0
                text7                               59C      59C      111      B38       0
                text6                               4D7      4D7       C5      9AE       0
                text5                               470      470       67      8E0       0
                text4                               3AD      3AD        7      75A       0
                text3                               40C      40C       64      818       0
                text2                               3B4      3B4       2B      768       0
                text1                               3DF      3DF       2D      7BE       0
                maintext                            6AD      6AD      14F      D5A       0
                cstackCOMMON                         70       70        7       70       1
                strings                               3        3       77        6       0

TOTAL           Name                               Link     Load   Length     Space
        CLASS   STACK          

        CLASS   CODE           
                end_init                              0        0        3         0
                cinit                               7FC      7FC        4         0
                text7                               59C      59C      111         0
                text6                               4D7      4D7       C5         0
                text5                               470      470       67         0
                text4                               3AD      3AD        7         0
                text3                               40C      40C       64         0
                text2                               3B4      3B4       2B         0
                text1                               3DF      3DF       2D         0
                maintext                            6AD      6AD      14F         0

        CLASS   STRCODE        

        CLASS   STRING         
                strings                               3        3       77         0

        CLASS   CONST          

        CLASS   ENTRY          

        CLASS   COMMON         
                cstackCOMMON                         70       70        7         1

        CLASS   BANK0          

        CLASS   BANK1          

        CLASS   BANK2          

        CLASS   BANK3          

        CLASS   RAM            

        CLASS   ABS1           
                abs_s1                               7E       7E        2         1

        CLASS   SFR0           

        CLASS   SFR1           

        CLASS   SFR2           

        CLASS   SFR3           

        CLASS   CONFIG         
                config                             2007     2007        1         0

        CLASS   IDLOC          

        CLASS   EEDATA         



SEGMENTS        Name                           Load    Length   Top    Selector   Space  Class     Delta

                reset_vec                      000000  000003  000003         0       0  CODE        2
                strings                        000003  000077  00007A         6       0  STRING      2
                cstackCOMMON                   000070  000007  000077        70       1  COMMON      1
                text4                          0003AD  000007  0003B4       75A       0  CODE        2
                text2                          0003B4  00002B  0003DF       768       0  CODE        2
                text1                          0003DF  00002D  00040C       7BE       0  CODE        2
                text3                          00040C  000064  000470       818       0  CODE        2
                text5                          000470  000067  0004D7       8E0       0  CODE        2
                text6                          0004D7  0000C5  00059C       9AE       0  CODE        2
                text7                          00059C  000111  0006AD       B38       0  CODE        2
                maintext                       0006AD  00014F  0007FC       D5A       0  CODE        2
                cinit                          0007FC  000004  000800       FF8       0  CODE        2
                config                         002007  000001  002008      400E       0  CONFIG      2


UNUSED ADDRESS RANGES

        Name                Unused          Largest block    Delta
        BANK0            0020-006F             50           1
        BANK1            00A0-00EF             50           1
        BANK2            0110-016F             60           1
        BANK3            0190-01EF             60           1
        CODE             007A-03AC            333           2
                         0800-1FFF            800
        COMMON           0077-007D              7           1
        CONST            007A-03AC            100           2
                         0800-1FFF            100
        EEDATA           2100-21FF            100           2
        ENTRY            007A-03AC            100           2
                         0800-1FFF            100
        IDLOC            2000-2003              4           2
        RAM              0020-006F             50           1
                         00A0-00EF             50
                         0110-016F             60
                         0190-01EF             60
        SFR0             0000-001F             20           1
        SFR1             0080-009F             20           1
        SFR2             0100-010F             10           1
        SFR3             0180-018F             10           1
        STACK            0110-016F             60           1
        STRCODE          007A-03AC            333           2
                         0800-1FFF           1800
        STRING           007A-03AC            100           2
                         0800-1FFF            100

                                  Symbol Table

GPIO_setPinDirection@a_mode    cstackCOMMON 0071
GPIO_setPinDirection@a_pin     cstackCOMMON 0070
GPIO_setPinDirection@a_port    cstackCOMMON 0074
GPIO_setPinValue@a_pin         cstackCOMMON 0070
GPIO_setPinValue@a_port        cstackCOMMON 0074
GPIO_setPinValue@a_value       cstackCOMMON 0071
LCD_displayCharacter@character cstackCOMMON 0071
LCD_displayString@data         cstackCOMMON 0072
LCD_displayString@i            cstackCOMMON 0075
LCD_sendCommand@command        cstackCOMMON 0071
_GPIO_setPinDirection          text7        059C
_GPIO_setPinValue              text6        04D7
_LCD_clear                     text4        03AD
_LCD_displayCharacter          text3        040C
_LCD_displayString             text2        03B4
_LCD_init                      text1        03DF
_LCD_sendCommand               text5        0470
_PORTA                         (abs)        0005
_PORTB                         (abs)        0006
_PORTC                         (abs)        0007
_PORTD                         (abs)        0008
_PORTE                         (abs)        0009
_RC6                           (abs)        003E
_RC7                           (abs)        003F
_TRISA                         (abs)        0085
_TRISB                         (abs)        0086
_TRISC                         (abs)        0087
_TRISD                         (abs)        0088
_TRISE                         (abs)        0089
__CFG_BOREN$ON                 (abs)        0000
__CFG_CP$OFF                   (abs)        0000
__CFG_CPD$OFF                  (abs)        0000
__CFG_FOSC$EXTRC               (abs)        0000
__CFG_LVP$ON                   (abs)        0000
__CFG_PWRTE$ON                 (abs)        0000
__CFG_WDTE$OFF                 (abs)        0000
__CFG_WRT$OFF                  (abs)        0000
__Habs1                        abs1         0000
__Hbank0                       bank0        0000
__Hbank1                       bank1        0000
__Hbank2                       bank2        0000
__Hbank3                       bank3        0000
__Hcinit                       cinit        0800
__Hclrtext                     clrtext      0000
__Hcode                        code         0000
__Hcommon                      common       0000
__Hconfig                      config       2008
__HcstackCOMMON                cstackCOMMON 0000
__Heeprom_data                 eeprom_data  0000
__Hend_init                    end_init     0003
__Hfunctab                     functab      0000
__Hidloc                       idloc        0000
__Hinit                        init         0000
__Hintentry                    intentry     0000
__Hmaintext                    maintext     0000
__Hpowerup                     powerup      0000
__Hram                         ram          0000
__Hreset_vec                   reset_vec    0000
__Hsfr0                        sfr0         0000
__Hsfr1                        sfr1         0000
__Hsfr2                        sfr2         0000
__Hsfr3                        sfr3         0000
__Hspace_0                     (abs)        2008
__Hspace_1                     (abs)        0077
__Hspace_2                     (abs)        0000
__Hspace_3                     (abs)        0000
__Hstack                       stack        0000
__Hstrings                     strings      0000
__Htext                        text         0000
__Labs1                        abs1         0000
__Lbank0                       bank0        0000
__Lbank1                       bank1        0000
__Lbank2                       bank2        0000
__Lbank3                       bank3        0000
__Lcinit                       cinit        07FC
__Lclrtext                     clrtext      0000
__Lcode                        code         0000
__Lcommon                      common       0000
__Lconfig                      config       2007
__LcstackCOMMON                cstackCOMMON 0000
__Leeprom_data                 eeprom_data  0000
__Lend_init                    end_init     0000
__Lfunctab                     functab      0000
__Lidloc                       idloc        0000
__Linit                        init         0000
__Lintentry                    intentry     0000
__Lmaintext                    maintext     0000
__Lpowerup                     powerup      0000
__Lram                         ram          0000
__Lreset_vec                   reset_vec    0000
__Lsfr0                        sfr0         0000
__Lsfr1                        sfr1         0000
__Lsfr2                        sfr2         0000
__Lsfr3                        sfr3         0000
__Lspace_0                     (abs)        0000
__Lspace_1                     (abs)        0000
__Lspace_2                     (abs)        0000
__Lspace_3                     (abs)        0000
__Lstack                       stack        0000
__Lstrings                     strings      0000
__Ltext                        text         0000
__S0                           (abs)        2008
__S1                           (abs)        0077
__S2                           (abs)        0000
__S3                           (abs)        0000
___int_sp                      stack        0000
___latbits                     (abs)        0002
___sp                          stack        0000
___stackhi                     (abs)        0000
___stacklo                     (abs)        0000
__end_of_GPIO_setPinDirection  text7        06AD
__end_of_GPIO_setPinValue      text6        059C
__end_of_LCD_clear             text4        03B4
__end_of_LCD_displayCharacter  text3        0470
__end_of_LCD_displayString     text2        03DF
__end_of_LCD_init              text1        040C
__end_of_LCD_sendCommand       text5        04D7
__end_of__initialization       cinit        07FC
__end_of__stringtab            strings      0013
__end_of_main                  maintext     07FC
__initialization               cinit        07FC
__pcstackCOMMON                cstackCOMMON 0070
__pmaintext                    maintext     06AD
__pstrings                     strings      0003
__ptext1                       text1        03DF
__ptext2                       text2        03B4
__ptext3                       text3        040C
__ptext4                       text4        03AD
__ptext5                       text5        0470
__ptext6                       text6        04D7
__ptext7                       text7        059C
__size_of_GPIO_setPinDirection (abs)        0000
__size_of_GPIO_setPinValue     (abs)        0000
__size_of_LCD_clear            (abs)        0000
__size_of_LCD_displayCharacter (abs)        0000
__size_of_LCD_displayString    (abs)        0000
__size_of_LCD_init             (abs)        0000
__size_of_LCD_sendCommand      (abs)        0000
__size_of_main                 (abs)        0000
__stringbase                   strings      0012
__stringtab                    strings      0003
_main                          maintext     06AD
btemp                          (abs)        007E
end_of_initialization          cinit        07FC
intlevel0                      functab      0000
intlevel1                      functab      0000
intlevel2                      functab      0000
intlevel3                      functab      0000
intlevel4                      functab      0000
intlevel5                      functab      0000
reset_vec                      reset_vec    0000
start                          init         0000
start_initialization           cinit        07FC
wtemp0                         (abs)        007E


FUNCTION INFORMATION:

 *************** function _main *****************
 Defined at:
		line 12 in file "main.c"
 Parameters:    Size  Location     Type
		None
 Auto vars:     Size  Location     Type
		None
 Return value:  Size  Location     Type
                  1    wreg      void 
 Registers used:
		wreg, fsr0l, fsr0h, status,2, status,0, btemp+1, pclath, cstack
 Tracked objects:
		On entry : 
		On exit  : 
		Unchanged: 
 Data sizes:     COMMON   BANK0   BANK1   BANK3   BANK2
      Params:         0       0       0       0       0
      Locals:         0       0       0       0       0
      Temps:          1       0       0       0       0
      Totals:         1       0       0       0       0
Total ram usage:        1 bytes
 Hardware stack levels required when called:    2
 This function calls:
		_GPIO_setPinDirection
		_GPIO_setPinValue
		_LCD_clear
		_LCD_displayString
		_LCD_init
 This function is called by:
		Startup code after reset
 This function uses a non-reentrant model


 *************** function _LCD_init *****************
 Defined at:
		line 12 in file "LCD.c"
 Parameters:    Size  Location     Type
		None
 Auto vars:     Size  Location     Type
		None
 Return value:  Size  Location     Type
                  1    wreg      void 
 Registers used:
		wreg, status,2, status,0, pclath, cstack
 Tracked objects:
		On entry : 
		On exit  : 
		Unchanged: 
 Data sizes:     COMMON   BANK0   BANK1   BANK3   BANK2
      Params:         0       0       0       0       0
      Locals:         0       0       0       0       0
      Temps:          1       0       0       0       0
      Totals:         1       0       0       0       0
Total ram usage:        1 bytes
 Hardware stack levels used:    1
 Hardware stack levels required when called:    1
 This function calls:
		_LCD_sendCommand
 This function is called by:
		_main
 This function uses a non-reentrant model


 *************** function _LCD_displayString *****************
 Defined at:
		line 102 in file "LCD.c"
 Parameters:    Size  Location     Type
  data            2    2[COMMON] PTR unsigned char 
		 -> STR_6(6), STR_5(18), STR_4(21), STR_3(18), 
		 -> STR_2(21), STR_1(19), LCD_intergerToString@buffer(16), 
 Auto vars:     Size  Location     Type
  i               1    5[COMMON] unsigned char 
 Return value:  Size  Location     Type
                  1    wreg      void 
 Registers used:
		wreg, fsr0l, fsr0h, status,2, status,0, btemp+1, pclath, cstack
 Tracked objects:
		On entry : 
		On exit  : 
		Unchanged: 
 Data sizes:     COMMON   BANK0   BANK1   BANK3   BANK2
      Params:         2       0       0       0       0
      Locals:         1       0       0       0       0
      Temps:          1       0       0       0       0
      Totals:         4       0       0       0       0
Total ram usage:        4 bytes
 Hardware stack levels used:    1
 Hardware stack levels required when called:    1
 This function calls:
		_LCD_displayCharacter
 This function is called by:
		_main
		_displayStringRowColom
		_LCD_intergerToString
 This function uses a non-reentrant model


 *************** function _LCD_displayCharacter *****************
 Defined at:
		line 66 in file "LCD.c"
 Parameters:    Size  Location     Type
  character       1    wreg     unsigned char 
 Auto vars:     Size  Location     Type
  character       1    1[COMMON] unsigned char 
 Return value:  Size  Location     Type
                  1    wreg      void 
 Registers used:
		wreg, status,2, status,0
 Tracked objects:
		On entry : 
		On exit  : 
		Unchanged: 
 Data sizes:     COMMON   BANK0   BANK1   BANK3   BANK2
      Params:         0       0       0       0       0
      Locals:         1       0       0       0       0
      Temps:          1       0       0       0       0
      Totals:         2       0       0       0       0
Total ram usage:        2 bytes
 Hardware stack levels used:    1
 This function calls:
		Nothing
 This function is called by:
		_LCD_displayString
 This function uses a non-reentrant model


 *************** function _LCD_clear *****************
 Defined at:
		line 136 in file "LCD.c"
 Parameters:    Size  Location     Type
		None
 Auto vars:     Size  Location     Type
		None
 Return value:  Size  Location     Type
                  1    wreg      void 
 Registers used:
		wreg, status,2, status,0, pclath, cstack
 Tracked objects:
		On entry : 
		On exit  : 
		Unchanged: 
 Data sizes:     COMMON   BANK0   BANK1   BANK3   BANK2
      Params:         0       0       0       0       0
      Locals:         0       0       0       0       0
      Temps:          0       0       0       0       0
      Totals:         0       0       0       0       0
Total ram usage:        0 bytes
 Hardware stack levels used:    1
 Hardware stack levels required when called:    1
 This function calls:
		_LCD_sendCommand
 This function is called by:
		_main
 This function uses a non-reentrant model


 *************** function _LCD_sendCommand *****************
 Defined at:
		line 33 in file "LCD.c"
 Parameters:    Size  Location     Type
  command         1    wreg     unsigned char 
 Auto vars:     Size  Location     Type
  command         1    1[COMMON] unsigned char 
 Return value:  Size  Location     Type
                  1    wreg      void 
 Registers used:
		wreg, status,2, status,0
 Tracked objects:
		On entry : 
		On exit  : 
		Unchanged: 
 Data sizes:     COMMON   BANK0   BANK1   BANK3   BANK2
      Params:         0       0       0       0       0
      Locals:         1       0       0       0       0
      Temps:          1       0       0       0       0
      Totals:         2       0       0       0       0
Total ram usage:        2 bytes
 Hardware stack levels used:    1
 This function calls:
		Nothing
 This function is called by:
		_LCD_init
		_LCD_clear
		_LCD_goToRowColum
 This function uses a non-reentrant model


 *************** function _GPIO_setPinValue *****************
 Defined at:
		line 60 in file "GPIO.c"
 Parameters:    Size  Location     Type
  a_port          1    wreg     unsigned char 
  a_pin           1    0[COMMON] unsigned char 
  a_value         1    1[COMMON] unsigned char 
 Auto vars:     Size  Location     Type
  a_port          1    4[COMMON] unsigned char 
 Return value:  Size  Location     Type
                  1    wreg      void 
 Registers used:
		wreg, fsr0l, fsr0h, status,2, status,0
 Tracked objects:
		On entry : 
		On exit  : 
		Unchanged: 
 Data sizes:     COMMON   BANK0   BANK1   BANK3   BANK2
      Params:         2       0       0       0       0
      Locals:         1       0       0       0       0
      Temps:          2       0       0       0       0
      Totals:         5       0       0       0       0
Total ram usage:        5 bytes
 Hardware stack levels used:    1
 This function calls:
		Nothing
 This function is called by:
		_main
 This function uses a non-reentrant model


 *************** function _GPIO_setPinDirection *****************
 Defined at:
		line 17 in file "GPIO.c"
 Parameters:    Size  Location     Type
  a_port          1    wreg     unsigned char 
  a_pin           1    0[COMMON] unsigned char 
  a_mode          1    1[COMMON] unsigned char 
 Auto vars:     Size  Location     Type
  a_port          1    4[COMMON] unsigned char 
 Return value:  Size  Location     Type
                  1    wreg      void 
 Registers used:
		wreg, fsr0l, fsr0h, status,2, status,0
 Tracked objects:
		On entry : 
		On exit  : 
		Unchanged: 
 Data sizes:     COMMON   BANK0   BANK1   BANK3   BANK2
      Params:         2       0       0       0       0
      Locals:         1       0       0       0       0
      Temps:          2       0       0       0       0
      Totals:         5       0       0       0       0
Total ram usage:        5 bytes
 Hardware stack levels used:    1
 This function calls:
		Nothing
 This function is called by:
		_main
 This function uses a non-reentrant model



MODULE INFORMATION

Module		Function		Class		Link	Load	Size
shared
		__stringtab    		STRING         	0003	0000	17
		__initialization		CODE           	07FC	0000	1

shared estimated size: 18

GPIO.c
		_GPIO_setPinDirection		CODE           	059C	0000	274
		_GPIO_setPinValue		CODE           	04D7	0000	198

GPIO.c estimated size: 472

main.c
		_main          		CODE           	06AD	0000	336

main.c estimated size: 336

LCD.c
		_LCD_clear     		CODE           	03AD	0000	8
		_LCD_displayString		CODE           	03B4	0000	44
		_LCD_sendCommand		CODE           	0470	0000	104
		_LCD_init      		CODE           	03DF	0000	46
		_LCD_displayCharacter		CODE           	040C	0000	101

LCD.c estimated size: 303

