Microchip MPLAB XC8 Compiler V2.10 ()

Linker command line:

-W-3 --edf=C:\Program Files (x86)\Microchip\xc8\v2.10\pic\dat\en_msgs.txt \
  -cs -h+dist/default/production\Solar_energy_measurement.X.production.sym \
  --cmf=dist/default/production\Solar_energy_measurement.X.production.cmf \
  -z -Q16F877A -oC:\Users\Moham\AppData\Local\Temp\s7e8.2 \
  --defsym=__MPLAB_BUILD=1 \
  -Mdist/default/production/Solar_energy_measurement.X.production.map -E1 \
  -ver=XC8 --acfsm=1493 -ASTACK=0110h-016Fh -pstack=STACK \
  -ACODE=00h-07FFhx4 -ASTRCODE=00h-01FFFh -ASTRING=00h-0FFhx32 \
  -ACONST=00h-0FFhx32 -AENTRY=00h-0FFhx32 -ACOMMON=070h-07Fh \
  -ABANK0=020h-06Fh -ABANK1=0A0h-0EFh -ABANK2=0110h-016Fh \
  -ABANK3=0190h-01EFh -ARAM=020h-06Fh,0A0h-0EFh,0110h-016Fh,0190h-01EFh \
  -AABS1=020h-07Fh,0A0h-0EFh,0110h-016Fh,0190h-01EFh -ASFR0=00h-01Fh \
  -ASFR1=080h-09Fh -ASFR2=0100h-010Fh -ASFR3=0180h-018Fh \
  -preset_vec=00h,intentry,init,end_init -ppowerup=CODE -pcinit=CODE \
  -pfunctab=ENTRY -ACONFIG=02007h-02007h -pconfig=CONFIG -DCONFIG=2 \
  -AIDLOC=02000h-02003h -pidloc=IDLOC -DIDLOC=2 -AEEDATA=00h-0FFh/02100h \
  -peeprom_data=EEDATA -DEEDATA=2 -DCODE=2 -DSTRCODE=2 -DSTRING=2 -DCONST=2 \
  -DENTRY=2 -k C:\Users\Moham\AppData\Local\Temp\s7e8.o \
  dist/default/production\Solar_energy_measurement.X.production.o 

Object code version is 3.11

Machine type is 16F877A



                Name                               Link     Load   Length Selector   Space Scale
C:\Users\Moham\AppData\Local\Temp\s7e8.o
                end_init                              0        0        3        0       0
                config                             2007     2007        1     400E       0
dist/default/production\Solar_energy_measurement.X.production.o
                cinit                               7FC      7FC        4      FF8       0
                text19                              D50      D50       12     1AA0       0
                text18                              E7D      E7D       38     1CFA       0
                text17                              F99      F99       67     1F32       0
                text16                              E19      E19       2D     1C32       0
                text15                              F35      F35       64     1E6A       0
                text14                              DEE      DEE       2B     1BDC       0
                text13                              EEF      EEF       46     1DDE       0
                text12                              EB5      EB5       3A     1D6A       0
                text11                               1B       1B       72       36       0
                text10                              DA1      DA1       26     1B42       0
                text9                               D62      D62       1A     1AC4       0
                text8                               2BE      2BE      1DD      57C       0
                text7                               DC7      DC7       27     1B8E       0
                text6                               49B      49B      361      936       0
                text5                                8D       8D       7C      11A       0
                text4                               D7C      D7C       25     1AF8       0
                text3                               109      109       BC      212       0
                text2                               E46      E46       37     1C8C       0
                text1                                 4        4       17        8       0
                maintext                            1C5      1C5       F9      38A       0
                cstackBANK0                          20       20       4F       20       1
                cstackCOMMON                         70       70        E       70       1
                strings                             800      800       2A     1000       0

TOTAL           Name                               Link     Load   Length     Space
        CLASS   STACK          

        CLASS   CODE           
                end_init                              0        0        3         0
                cinit                               7FC      7FC        4         0
                text19                              D50      D50       12         0
                text18                              E7D      E7D       38         0
                text17                              F99      F99       67         0
                text16                              E19      E19       2D         0
                text15                              F35      F35       64         0
                text14                              DEE      DEE       2B         0
                text13                              EEF      EEF       46         0
                text12                              EB5      EB5       3A         0
                text11                               1B       1B       72         0
                text10                              DA1      DA1       26         0
                text9                               D62      D62       1A         0
                text8                               2BE      2BE      1DD         0
                text7                               DC7      DC7       27         0
                text6                               49B      49B      361         0
                text5                                8D       8D       7C         0
                text4                               D7C      D7C       25         0
                text3                               109      109       BC         0
                text2                               E46      E46       37         0
                text1                                 4        4       17         0
                maintext                            1C5      1C5       F9         0

        CLASS   STRCODE        

        CLASS   STRING         
                strings                             800      800       2A         0

        CLASS   CONST          

        CLASS   ENTRY          

        CLASS   COMMON         
                cstackCOMMON                         70       70        E         1

        CLASS   BANK0          
                cstackBANK0                          20       20       4F         1

        CLASS   BANK1          

        CLASS   BANK2          

        CLASS   BANK3          

        CLASS   RAM            

        CLASS   ABS1           
                abs_s1                               7E       7E        2         1

        CLASS   SFR0           

        CLASS   SFR1           

        CLASS   SFR2           

        CLASS   SFR3           

        CLASS   CONFIG         
                config                             2007     2007        1         0

        CLASS   IDLOC          

        CLASS   EEDATA         



SEGMENTS        Name                           Load    Length   Top    Selector   Space  Class     Delta

                reset_vec                      000000  000003  000003         0       0  CODE        2
                text1                          000004  000017  00001B         8       0  CODE        2
                cstackBANK0                    000020  00004F  00006F        20       1  BANK0       1
                text11                         00001B  000072  00008D        36       0  CODE        2
                cstackCOMMON                   000070  00000E  00007E        70       1  COMMON      1
                text5                          00008D  00007C  000109       11A       0  CODE        2
                text3                          000109  0000BC  0001C5       212       0  CODE        2
                maintext                       0001C5  0000F9  0002BE       38A       0  CODE        2
                text8                          0002BE  0001DD  00049B       57C       0  CODE        2
                text6                          00049B  000361  0007FC       936       0  CODE        2
                cinit                          0007FC  000004  000800       FF8       0  CODE        2
                strings                        000800  00002A  00082A      1000       0  STRING      2
                text19                         000D50  000012  000D62      1AA0       0  CODE        2
                text9                          000D62  00001A  000D7C      1AC4       0  CODE        2
                text4                          000D7C  000025  000DA1      1AF8       0  CODE        2
                text10                         000DA1  000026  000DC7      1B42       0  CODE        2
                text7                          000DC7  000027  000DEE      1B8E       0  CODE        2
                text14                         000DEE  00002B  000E19      1BDC       0  CODE        2
                text16                         000E19  00002D  000E46      1C32       0  CODE        2
                text2                          000E46  000037  000E7D      1C8C       0  CODE        2
                text18                         000E7D  000038  000EB5      1CFA       0  CODE        2
                text12                         000EB5  00003A  000EEF      1D6A       0  CODE        2
                text13                         000EEF  000046  000F35      1DDE       0  CODE        2
                text15                         000F35  000064  000F99      1E6A       0  CODE        2
                text17                         000F99  000067  001000      1F32       0  CODE        2
                config                         002007  000001  002008      400E       0  CONFIG      2


UNUSED ADDRESS RANGES

        Name                Unused          Largest block    Delta
        BANK0            006F-006F              1           1
        BANK1            00A0-00EF             50           1
        BANK2            0110-016F             60           1
        BANK3            0190-01EF             60           1
        CODE             0003-0003              1           2
                         082A-0D4F            526
                         1000-1FFF            800
        CONST            0003-0003              1           2
                         082A-0D4F            100
                         1000-1FFF            100
        EEDATA           2100-21FF            100           2
        ENTRY            0003-0003              1           2
                         082A-0D4F            100
                         1000-1FFF            100
        IDLOC            2000-2003              4           2
        RAM              006F-006F              1           1
                         00A0-00EF             50
                         0110-016F             60
                         0190-01EF             60
        SFR0             0000-001F             20           1
        SFR1             0080-009F             20           1
        SFR2             0100-010F             10           1
        SFR3             0180-018F             10           1
        STACK            0110-016F             60           1
        STRCODE          0003-0003              1           2
                         082A-0D4F            526
                         1000-1FFF           1000
        STRING           0003-0003              1           2
                         082A-0D4F            100
                         1000-1FFF            100

                                  Symbol Table

?_ADC_readChannel               cstackCOMMON 0070
?__Umul8_16                     cstackCOMMON 0070
?___fldiv                       cstackBANK0  0044
?___flmul                       cstackBANK0  002A
?___fltol                       cstackBANK0  005E
?___lwdiv                       cstackBANK0  0020
?___lwmod                       cstackCOMMON 0070
?___wmul                        cstackCOMMON 0077
?___xxtofl                      cstackCOMMON 0077
ADC_readChannel@ADC_value       cstackCOMMON 0075
ADC_readChannel@channel         cstackCOMMON 0074
LCD_displayCharacter@character  cstackCOMMON 0071
LCD_displayString@data          cstackCOMMON 0072
LCD_displayString@i             cstackCOMMON 0075
LCD_goToRowColum@address        cstackCOMMON 0076
LCD_goToRowColum@col            cstackCOMMON 0072
LCD_goToRowColum@row            cstackCOMMON 0075
LCD_intergerToString@buffer     cstackBANK0  0039
LCD_intergerToString@data       cstackBANK0  0037
LCD_sendCommand@command         cstackCOMMON 0071
_ADCON0                         (abs)        001F
_ADCON0bits                     (abs)        001F
_ADCON1                         (abs)        009F
_ADCS0                          (abs)        00FE
_ADCS1                          (abs)        00FF
_ADCS2                          (abs)        04FE
_ADC_init                       text19       0D50
_ADC_readChannel                text18       0E7D
_ADON                           (abs)        00F8
_ADRESH                         (abs)        001E
_ADRESL                         (abs)        009E
_CHS0                           (abs)        00FB
_CHS1                           (abs)        00FC
_CHS2                           (abs)        00FD
_GO_DONE                        (abs)        00FA
_LCD_displayCharacter           text15       0F35
_LCD_displayString              text14       0DEE
_LCD_goToRowColum               text2        0E46
_LCD_init                       text16       0E19
_LCD_intergerToString           text9        0D62
_LCD_sendCommand                text17       0F99
_PORTB                          (abs)        0006
_TRISB                          (abs)        0086
__CFG_BOREN$ON                  (abs)        0000
__CFG_CP$OFF                    (abs)        0000
__CFG_CPD$OFF                   (abs)        0000
__CFG_FOSC$EXTRC                (abs)        0000
__CFG_LVP$ON                    (abs)        0000
__CFG_PWRTE$ON                  (abs)        0000
__CFG_WDTE$OFF                  (abs)        0000
__CFG_WRT$OFF                   (abs)        0000
__Habs1                         abs1         0000
__Hbank0                        bank0        0000
__Hbank1                        bank1        0000
__Hbank2                        bank2        0000
__Hbank3                        bank3        0000
__Hcinit                        cinit        0800
__Hclrtext                      clrtext      0000
__Hcode                         code         0000
__Hcommon                       common       0000
__Hconfig                       config       2008
__HcstackBANK0                  cstackBANK0  0000
__HcstackCOMMON                 cstackCOMMON 0000
__Heeprom_data                  eeprom_data  0000
__Hend_init                     end_init     0003
__Hfunctab                      functab      0000
__Hidloc                        idloc        0000
__Hinit                         init         0000
__Hintentry                     intentry     0000
__Hmaintext                     maintext     0000
__Hpowerup                      powerup      0000
__Hram                          ram          0000
__Hreset_vec                    reset_vec    0000
__Hsfr0                         sfr0         0000
__Hsfr1                         sfr1         0000
__Hsfr2                         sfr2         0000
__Hsfr3                         sfr3         0000
__Hspace_0                      (abs)        2008
__Hspace_1                      (abs)        007E
__Hspace_2                      (abs)        0000
__Hspace_3                      (abs)        0000
__Hstack                        stack        0000
__Hstrings                      strings      0000
__Htext                         text         0000
__Labs1                         abs1         0000
__Lbank0                        bank0        0000
__Lbank1                        bank1        0000
__Lbank2                        bank2        0000
__Lbank3                        bank3        0000
__Lcinit                        cinit        07FC
__Lclrtext                      clrtext      0000
__Lcode                         code         0000
__Lcommon                       common       0000
__Lconfig                       config       2007
__LcstackBANK0                  cstackBANK0  0000
__LcstackCOMMON                 cstackCOMMON 0000
__Leeprom_data                  eeprom_data  0000
__Lend_init                     end_init     0000
__Lfunctab                      functab      0000
__Lidloc                        idloc        0000
__Linit                         init         0000
__Lintentry                     intentry     0000
__Lmaintext                     maintext     0000
__Lpowerup                      powerup      0000
__Lram                          ram          0000
__Lreset_vec                    reset_vec    0000
__Lsfr0                         sfr0         0000
__Lsfr1                         sfr1         0000
__Lsfr2                         sfr2         0000
__Lsfr3                         sfr3         0000
__Lspace_0                      (abs)        0000
__Lspace_1                      (abs)        0000
__Lspace_2                      (abs)        0000
__Lspace_3                      (abs)        0000
__Lstack                        stack        0000
__Lstrings                      strings      0000
__Ltext                         text         0000
__S0                            (abs)        2008
__S1                            (abs)        007E
__S2                            (abs)        0000
__S3                            (abs)        0000
__Umul8_16                      text7        0DC7
__Umul8_16@multiplicand         cstackCOMMON 0070
__Umul8_16@multiplier           cstackCOMMON 0078
__Umul8_16@product              cstackCOMMON 0074
__Umul8_16@word_mpld            cstackCOMMON 0076
___fldiv                        text8        02BE
___fldiv@a                      cstackBANK0  0044
___fldiv@aexp                   cstackBANK0  005D
___fldiv@b                      cstackBANK0  0048
___fldiv@bexp                   cstackBANK0  005C
___fldiv@grs                    cstackBANK0  0058
___fldiv@new_exp                cstackBANK0  0056
___fldiv@rem                    cstackBANK0  0051
___fldiv@sign                   cstackBANK0  0055
___flmul                        text6        049B
___flmul@a                      cstackBANK0  002E
___flmul@aexp                   cstackBANK0  003C
___flmul@b                      cstackBANK0  002A
___flmul@bexp                   cstackBANK0  003D
___flmul@grs                    cstackBANK0  0038
___flmul@prod                   cstackBANK0  003E
___flmul@sign                   cstackBANK0  0037
___flmul@temp                   cstackBANK0  0042
___fltol                        text5        008D
___fltol@exp1                   cstackCOMMON 007C
___fltol@f1                     cstackBANK0  005E
___fltol@sign1                  cstackCOMMON 007B
___int_sp                       stack        0000
___latbits                      (abs)        0002
___lwdiv                        text13       0EEF
___lwdiv@counter                cstackBANK0  0026
___lwdiv@dividend               cstackBANK0  0022
___lwdiv@divisor                cstackBANK0  0020
___lwdiv@quotient               cstackBANK0  0024
___lwmod                        text12       0EB5
___lwmod@counter                cstackCOMMON 0075
___lwmod@dividend               cstackCOMMON 0072
___lwmod@divisor                cstackCOMMON 0070
___sp                           stack        0000
___stackhi                      (abs)        0000
___stacklo                      (abs)        0000
___wmul                         text4        0D7C
___wmul@multiplicand            cstackCOMMON 0079
___wmul@multiplier              cstackCOMMON 0077
___wmul@product                 cstackCOMMON 007B
___xxtofl                       text3        0109
___xxtofl@arg                   cstackBANK0  0026
___xxtofl@exp                   cstackBANK0  0025
___xxtofl@sign                  cstackBANK0  0024
___xxtofl@val                   cstackCOMMON 0077
__end_of_ADC_init               text19       0D62
__end_of_ADC_readChannel        text18       0EB5
__end_of_LCD_displayCharacter   text15       0F99
__end_of_LCD_displayString      text14       0E19
__end_of_LCD_goToRowColum       text2        0E7D
__end_of_LCD_init               text16       0E46
__end_of_LCD_intergerToString   text9        0D7C
__end_of_LCD_sendCommand        text17       1000
__end_of__Umul8_16              text7        0DEE
__end_of___fldiv                text8        049B
__end_of___flmul                text6        07FC
__end_of___fltol                text5        0109
__end_of___lwdiv                text13       0F35
__end_of___lwmod                text12       0EEF
__end_of___wmul                 text4        0DA1
__end_of___xxtofl               text3        01C5
__end_of__initialization        cinit        07FC
__end_of__stringtab             strings      0810
__end_of_displayStringRowColom  text1        001B
__end_of_itoa                   text10       0DC7
__end_of_main                   maintext     02BE
__end_of_utoa                   text11       008D
__initialization                cinit        07FC
__pcstackBANK0                  cstackBANK0  0020
__pcstackCOMMON                 cstackCOMMON 0070
__pmaintext                     maintext     01C5
__pstrings                      strings      0800
__ptext1                        text1        0004
__ptext10                       text10       0DA1
__ptext11                       text11       001B
__ptext12                       text12       0EB5
__ptext13                       text13       0EEF
__ptext14                       text14       0DEE
__ptext15                       text15       0F35
__ptext16                       text16       0E19
__ptext17                       text17       0F99
__ptext18                       text18       0E7D
__ptext19                       text19       0D50
__ptext2                        text2        0E46
__ptext3                        text3        0109
__ptext4                        text4        0D7C
__ptext5                        text5        008D
__ptext6                        text6        049B
__ptext7                        text7        0DC7
__ptext8                        text8        02BE
__ptext9                        text9        0D62
__size_of_ADC_init              (abs)        0000
__size_of_ADC_readChannel       (abs)        0000
__size_of_LCD_displayCharacter  (abs)        0000
__size_of_LCD_displayString     (abs)        0000
__size_of_LCD_goToRowColum      (abs)        0000
__size_of_LCD_init              (abs)        0000
__size_of_LCD_intergerToString  (abs)        0000
__size_of_LCD_sendCommand       (abs)        0000
__size_of__Umul8_16             (abs)        0000
__size_of___fldiv               (abs)        0000
__size_of___flmul               (abs)        0000
__size_of___fltol               (abs)        0000
__size_of___lwdiv               (abs)        0000
__size_of___lwmod               (abs)        0000
__size_of___wmul                (abs)        0000
__size_of___xxtofl              (abs)        0000
__size_of_displayStringRowColom (abs)        0000
__size_of_itoa                  (abs)        0000
__size_of_main                  (abs)        0000
__size_of_utoa                  (abs)        0000
__stringbase                    strings      080F
__stringtab                     strings      0800
_displayStringRowColom          text1        0004
_itoa                           text10       0DA1
_main                           maintext     01C5
_utoa                           text11       001B
btemp                           (abs)        007E
displayStringRowColom@col       cstackCOMMON 0077
displayStringRowColom@data      cstackCOMMON 0078
displayStringRowColom@row       cstackCOMMON 007A
end_of_initialization           cinit        07FC
intlevel0                       functab      0000
intlevel1                       functab      0000
intlevel2                       functab      0000
intlevel3                       functab      0000
intlevel4                       functab      0000
intlevel5                       functab      0000
itoa@base                       cstackBANK0  0032
itoa@buf                        cstackBANK0  0036
itoa@val                        cstackBANK0  0030
main@current                    cstackBANK0  006D
main@volt                       cstackBANK0  006B
reset_vec                       reset_vec    0000
start                           init         0000
start_initialization            cinit        07FC
utoa@base                       cstackBANK0  0029
utoa@buf                        cstackBANK0  002F
utoa@c                          cstackBANK0  002E
utoa@v                          cstackBANK0  002C
utoa@val                        cstackBANK0  0027
wtemp0                          (abs)        007E


FUNCTION INFORMATION:

 *************** function _main *****************
 Defined at:
		line 12 in file "main.c"
 Parameters:    Size  Location     Type
		None
 Auto vars:     Size  Location     Type
  current         2   77[BANK0 ] unsigned short 
  volt            2   75[BANK0 ] unsigned short 
 Return value:  Size  Location     Type
                  1    wreg      void 
 Registers used:
		wreg, fsr0l, fsr0h, status,2, status,0, btemp+1, pclath, cstack
 Tracked objects:
		On entry : 
		On exit  : 
		Unchanged: 
 Data sizes:     COMMON   BANK0   BANK1   BANK3   BANK2
      Params:         0       0       0       0       0
      Locals:         0       4       0       0       0
      Temps:          0       4       0       0       0
      Totals:         0       8       0       0       0
Total ram usage:        8 bytes
 Hardware stack levels required when called:    4
 This function calls:
		_ADC_init
		_ADC_readChannel
		_LCD_displayString
		_LCD_goToRowColum
		_LCD_init
		_LCD_intergerToString
		___fldiv
		___flmul
		___fltol
		___lwdiv
		___wmul
		___xxtofl
		_displayStringRowColom
 This function is called by:
		Startup code after reset
 This function uses a non-reentrant model


 *************** function _displayStringRowColom *****************
 Defined at:
		line 124 in file "LCD.c"
 Parameters:    Size  Location     Type
  row             1    wreg     unsigned char 
  col             1    7[COMMON] unsigned char 
  data            1    8[COMMON] PTR unsigned char 
		 -> STR_4(2), STR_3(2), STR_2(11), 
 Auto vars:     Size  Location     Type
  row             1   10[COMMON] unsigned char 
 Return value:  Size  Location     Type
                  1    wreg      void 
 Registers used:
		wreg, fsr0l, fsr0h, status,2, status,0, btemp+1, pclath, cstack
 Tracked objects:
		On entry : 
		On exit  : 
		Unchanged: 
 Data sizes:     COMMON   BANK0   BANK1   BANK3   BANK2
      Params:         2       0       0       0       0
      Locals:         1       0       0       0       0
      Temps:          1       0       0       0       0
      Totals:         4       0       0       0       0
Total ram usage:        4 bytes
 Hardware stack levels used:    1
 Hardware stack levels required when called:    2
 This function calls:
		_LCD_displayString
		_LCD_goToRowColum
 This function is called by:
		_main
 This function uses a non-reentrant model


 *************** function _LCD_goToRowColum *****************
 Defined at:
		line 111 in file "LCD.c"
 Parameters:    Size  Location     Type
  row             1    wreg     unsigned char 
  col             1    2[COMMON] unsigned char 
 Auto vars:     Size  Location     Type
  row             1    5[COMMON] unsigned char 
  address         1    6[COMMON] unsigned char 
 Return value:  Size  Location     Type
                  1    wreg      void 
 Registers used:
		wreg, fsr0l, fsr0h, status,2, status,0, pclath, cstack
 Tracked objects:
		On entry : 
		On exit  : 
		Unchanged: 
 Data sizes:     COMMON   BANK0   BANK1   BANK3   BANK2
      Params:         1       0       0       0       0
      Locals:         2       0       0       0       0
      Temps:          2       0       0       0       0
      Totals:         5       0       0       0       0
Total ram usage:        5 bytes
 Hardware stack levels used:    1
 Hardware stack levels required when called:    1
 This function calls:
		_LCD_sendCommand
 This function is called by:
		_displayStringRowColom
		_main
 This function uses a non-reentrant model


 *************** function ___xxtofl *****************
 Defined at:
		line 10 in file "C:\Program Files (x86)\Microchip\xc8\v2.10\pic\sources\c90\common\xxtofl.c"
 Parameters:    Size  Location     Type
  sign            1    wreg     unsigned char 
  val             4    7[COMMON] long 
 Auto vars:     Size  Location     Type
  sign            1    4[BANK0 ] unsigned char 
  arg             4    6[BANK0 ] unsigned long 
  exp             1    5[BANK0 ] unsigned char 
 Return value:  Size  Location     Type
                  4    7[COMMON] unsigned char 
 Registers used:
		wreg, status,2, status,0
 Tracked objects:
		On entry : 
		On exit  : 
		Unchanged: 
 Data sizes:     COMMON   BANK0   BANK1   BANK3   BANK2
      Params:         4       0       0       0       0
      Locals:         0       6       0       0       0
      Temps:          0       4       0       0       0
      Totals:         4      10       0       0       0
Total ram usage:       14 bytes
 Hardware stack levels used:    1
 This function calls:
		Nothing
 This function is called by:
		_main
 This function uses a non-reentrant model


 *************** function ___wmul *****************
 Defined at:
		line 15 in file "C:\Program Files (x86)\Microchip\xc8\v2.10\pic\sources\c90\common\Umul16.c"
 Parameters:    Size  Location     Type
  multiplier      2    7[COMMON] unsigned int 
  multiplicand    2    9[COMMON] unsigned int 
 Auto vars:     Size  Location     Type
  product         2   11[COMMON] unsigned int 
 Return value:  Size  Location     Type
                  2    7[COMMON] unsigned int 
 Registers used:
		wreg, status,2, status,0
 Tracked objects:
		On entry : 
		On exit  : 
		Unchanged: 
 Data sizes:     COMMON   BANK0   BANK1   BANK3   BANK2
      Params:         4       0       0       0       0
      Locals:         2       0       0       0       0
      Temps:          0       0       0       0       0
      Totals:         6       0       0       0       0
Total ram usage:        6 bytes
 Hardware stack levels used:    1
 This function calls:
		Nothing
 This function is called by:
		_main
 This function uses a non-reentrant model


 *************** function ___fltol *****************
 Defined at:
		line 43 in file "C:\Program Files (x86)\Microchip\xc8\v2.10\pic\sources\c90\common\fltol.c"
 Parameters:    Size  Location     Type
  f1              4   62[BANK0 ] unsigned int 
 Auto vars:     Size  Location     Type
  exp1            1   12[COMMON] unsigned char 
  sign1           1   11[COMMON] unsigned char 
 Return value:  Size  Location     Type
                  4   62[BANK0 ] long 
 Registers used:
		wreg, status,2, status,0
 Tracked objects:
		On entry : 
		On exit  : 
		Unchanged: 
 Data sizes:     COMMON   BANK0   BANK1   BANK3   BANK2
      Params:         0       4       0       0       0
      Locals:         2       0       0       0       0
      Temps:          0       5       0       0       0
      Totals:         2       9       0       0       0
Total ram usage:       11 bytes
 Hardware stack levels used:    1
 This function calls:
		Nothing
 This function is called by:
		_main
 This function uses a non-reentrant model


 *************** function ___flmul *****************
 Defined at:
		line 8 in file "C:\Program Files (x86)\Microchip\xc8\v2.10\pic\sources\c90\common\sprcmul.c"
 Parameters:    Size  Location     Type
  b               4   10[BANK0 ] long 
  a               4   14[BANK0 ] long 
 Auto vars:     Size  Location     Type
  prod            4   30[BANK0 ] struct .
  grs             4   24[BANK0 ] unsigned long 
  temp            2   34[BANK0 ] struct .
  bexp            1   29[BANK0 ] unsigned char 
  aexp            1   28[BANK0 ] unsigned char 
  sign            1   23[BANK0 ] unsigned char 
 Return value:  Size  Location     Type
                  4   10[BANK0 ] unsigned char 
 Registers used:
		wreg, status,2, status,0, btemp+1, pclath, cstack
 Tracked objects:
		On entry : 
		On exit  : 
		Unchanged: 
 Data sizes:     COMMON   BANK0   BANK1   BANK3   BANK2
      Params:         0       8       0       0       0
      Locals:         0      13       0       0       0
      Temps:          0       5       0       0       0
      Totals:         0      26       0       0       0
Total ram usage:       26 bytes
 Hardware stack levels used:    1
 Hardware stack levels required when called:    1
 This function calls:
		__Umul8_16
 This function is called by:
		_main
 This function uses a non-reentrant model


 *************** function __Umul8_16 *****************
 Defined at:
		line 4 in file "C:\Program Files (x86)\Microchip\xc8\v2.10\pic\sources\c90\common\Umul8_16.c"
 Parameters:    Size  Location     Type
  multiplier      1    wreg     unsigned char 
  multiplicand    1    0[COMMON] unsigned char 
 Auto vars:     Size  Location     Type
  multiplier      1    8[COMMON] unsigned char 
  word_mpld       2    6[COMMON] unsigned int 
  product         2    4[COMMON] unsigned int 
 Return value:  Size  Location     Type
                  2    0[COMMON] unsigned int 
 Registers used:
		wreg, status,2, status,0
 Tracked objects:
		On entry : 
		On exit  : 
		Unchanged: 
 Data sizes:     COMMON   BANK0   BANK1   BANK3   BANK2
      Params:         2       0       0       0       0
      Locals:         5       0       0       0       0
      Temps:          2       0       0       0       0
      Totals:         9       0       0       0       0
Total ram usage:        9 bytes
 Hardware stack levels used:    1
 This function calls:
		Nothing
 This function is called by:
		___flmul
 This function uses a non-reentrant model


 *************** function ___fldiv *****************
 Defined at:
		line 8 in file "C:\Program Files (x86)\Microchip\xc8\v2.10\pic\sources\c90\common\sprcdiv.c"
 Parameters:    Size  Location     Type
  a               4   36[BANK0 ] unsigned int 
  b               4   40[BANK0 ] unsigned int 
 Auto vars:     Size  Location     Type
  grs             4   56[BANK0 ] unsigned long 
  rem             4   49[BANK0 ] unsigned long 
  new_exp         2   54[BANK0 ] int 
  aexp            1   61[BANK0 ] unsigned char 
  bexp            1   60[BANK0 ] unsigned char 
  sign            1   53[BANK0 ] unsigned char 
 Return value:  Size  Location     Type
                  4   36[BANK0 ] unsigned char 
 Registers used:
		wreg, status,2, status,0, btemp+1
 Tracked objects:
		On entry : 
		On exit  : 
		Unchanged: 
 Data sizes:     COMMON   BANK0   BANK1   BANK3   BANK2
      Params:         0       8       0       0       0
      Locals:         0      13       0       0       0
      Temps:          0       5       0       0       0
      Totals:         0      26       0       0       0
Total ram usage:       26 bytes
 Hardware stack levels used:    1
 This function calls:
		Nothing
 This function is called by:
		_main
 This function uses a non-reentrant model


 *************** function _LCD_intergerToString *****************
 Defined at:
		line 129 in file "LCD.c"
 Parameters:    Size  Location     Type
  data            2   23[BANK0 ] unsigned short 
 Auto vars:     Size  Location     Type
  buffer         16   25[BANK0 ] unsigned char [16]
 Return value:  Size  Location     Type
                  1    wreg      void 
 Registers used:
		wreg, fsr0l, fsr0h, status,2, status,0, btemp+1, pclath, cstack
 Tracked objects:
		On entry : 
		On exit  : 
		Unchanged: 
 Data sizes:     COMMON   BANK0   BANK1   BANK3   BANK2
      Params:         0       2       0       0       0
      Locals:         0      16       0       0       0
      Temps:          0       0       0       0       0
      Totals:         0      18       0       0       0
Total ram usage:       18 bytes
 Hardware stack levels used:    1
 Hardware stack levels required when called:    3
 This function calls:
		_LCD_displayString
		_itoa
 This function is called by:
		_main
 This function uses a non-reentrant model


 *************** function _itoa *****************
 Defined at:
		line 4 in file "C:\Program Files (x86)\Microchip\xc8\v2.10\pic\sources\c90\common\itoa.c"
 Parameters:    Size  Location     Type
  buf             1    wreg     PTR unsigned char 
		 -> LCD_intergerToString@buffer(16), 
  val             2   16[BANK0 ] int 
  base            2   18[BANK0 ] int 
 Auto vars:     Size  Location     Type
  buf             1   22[BANK0 ] PTR unsigned char 
		 -> LCD_intergerToString@buffer(16), 
  cp              1    0        PTR unsigned char 
		 -> LCD_intergerToString@buffer(16), 
 Return value:  Size  Location     Type
                  1    wreg      PTR unsigned char 
 Registers used:
		wreg, fsr0l, fsr0h, status,2, status,0, pclath, cstack
 Tracked objects:
		On entry : 
		On exit  : 
		Unchanged: 
 Data sizes:     COMMON   BANK0   BANK1   BANK3   BANK2
      Params:         0       4       0       0       0
      Locals:         0       2       0       0       0
      Temps:          0       1       0       0       0
      Totals:         0       7       0       0       0
Total ram usage:        7 bytes
 Hardware stack levels used:    1
 Hardware stack levels required when called:    2
 This function calls:
		_utoa
 This function is called by:
		_LCD_intergerToString
 This function uses a non-reentrant model


 *************** function _utoa *****************
 Defined at:
		line 17 in file "C:\Program Files (x86)\Microchip\xc8\v2.10\pic\sources\c90\common\itoa.c"
 Parameters:    Size  Location     Type
  buf             1    wreg     PTR unsigned char 
		 -> LCD_intergerToString@buffer(16), 
  val             2    7[BANK0 ] unsigned int 
  base            2    9[BANK0 ] int 
 Auto vars:     Size  Location     Type
  buf             1   15[BANK0 ] PTR unsigned char 
		 -> LCD_intergerToString@buffer(16), 
  v               2   12[BANK0 ] unsigned int 
  c               1   14[BANK0 ] unsigned char 
 Return value:  Size  Location     Type
                  1    wreg      PTR unsigned char 
 Registers used:
		wreg, fsr0l, fsr0h, status,2, status,0, pclath, cstack
 Tracked objects:
		On entry : 
		On exit  : 
		Unchanged: 
 Data sizes:     COMMON   BANK0   BANK1   BANK3   BANK2
      Params:         0       4       0       0       0
      Locals:         0       4       0       0       0
      Temps:          0       1       0       0       0
      Totals:         0       9       0       0       0
Total ram usage:        9 bytes
 Hardware stack levels used:    1
 Hardware stack levels required when called:    1
 This function calls:
		___lwdiv
		___lwmod
 This function is called by:
		_itoa
 This function uses a non-reentrant model


 *************** function ___lwmod *****************
 Defined at:
		line 5 in file "C:\Program Files (x86)\Microchip\xc8\v2.10\pic\sources\c90\common\lwmod.c"
 Parameters:    Size  Location     Type
  divisor         2    0[COMMON] unsigned int 
  dividend        2    2[COMMON] unsigned int 
 Auto vars:     Size  Location     Type
  counter         1    5[COMMON] unsigned char 
 Return value:  Size  Location     Type
                  2    0[COMMON] unsigned int 
 Registers used:
		wreg, status,2, status,0
 Tracked objects:
		On entry : 
		On exit  : 
		Unchanged: 
 Data sizes:     COMMON   BANK0   BANK1   BANK3   BANK2
      Params:         4       0       0       0       0
      Locals:         1       0       0       0       0
      Temps:          1       0       0       0       0
      Totals:         6       0       0       0       0
Total ram usage:        6 bytes
 Hardware stack levels used:    1
 This function calls:
		Nothing
 This function is called by:
		_utoa
 This function uses a non-reentrant model


 *************** function ___lwdiv *****************
 Defined at:
		line 5 in file "C:\Program Files (x86)\Microchip\xc8\v2.10\pic\sources\c90\common\lwdiv.c"
 Parameters:    Size  Location     Type
  divisor         2    0[BANK0 ] unsigned int 
  dividend        2    2[BANK0 ] unsigned int 
 Auto vars:     Size  Location     Type
  quotient        2    4[BANK0 ] unsigned int 
  counter         1    6[BANK0 ] unsigned char 
 Return value:  Size  Location     Type
                  2    0[BANK0 ] unsigned int 
 Registers used:
		wreg, status,2, status,0
 Tracked objects:
		On entry : 
		On exit  : 
		Unchanged: 
 Data sizes:     COMMON   BANK0   BANK1   BANK3   BANK2
      Params:         0       4       0       0       0
      Locals:         0       3       0       0       0
      Temps:          1       0       0       0       0
      Totals:         1       7       0       0       0
Total ram usage:        8 bytes
 Hardware stack levels used:    1
 This function calls:
		Nothing
 This function is called by:
		_main
		_utoa
 This function uses a non-reentrant model


 *************** function _LCD_displayString *****************
 Defined at:
		line 102 in file "LCD.c"
 Parameters:    Size  Location     Type
  data            2    2[COMMON] PTR unsigned char 
		 -> STR_4(2), STR_3(2), STR_2(11), STR_1(11), 
		 -> LCD_intergerToString@buffer(16), 
 Auto vars:     Size  Location     Type
  i               1    5[COMMON] unsigned char 
 Return value:  Size  Location     Type
                  1    wreg      void 
 Registers used:
		wreg, fsr0l, fsr0h, status,2, status,0, btemp+1, pclath, cstack
 Tracked objects:
		On entry : 
		On exit  : 
		Unchanged: 
 Data sizes:     COMMON   BANK0   BANK1   BANK3   BANK2
      Params:         2       0       0       0       0
      Locals:         1       0       0       0       0
      Temps:          1       0       0       0       0
      Totals:         4       0       0       0       0
Total ram usage:        4 bytes
 Hardware stack levels used:    1
 Hardware stack levels required when called:    1
 This function calls:
		_LCD_displayCharacter
 This function is called by:
		_displayStringRowColom
		_LCD_intergerToString
		_main
 This function uses a non-reentrant model


 *************** function _LCD_displayCharacter *****************
 Defined at:
		line 66 in file "LCD.c"
 Parameters:    Size  Location     Type
  character       1    wreg     unsigned char 
 Auto vars:     Size  Location     Type
  character       1    1[COMMON] unsigned char 
 Return value:  Size  Location     Type
                  1    wreg      void 
 Registers used:
		wreg, status,2, status,0
 Tracked objects:
		On entry : 
		On exit  : 
		Unchanged: 
 Data sizes:     COMMON   BANK0   BANK1   BANK3   BANK2
      Params:         0       0       0       0       0
      Locals:         1       0       0       0       0
      Temps:          1       0       0       0       0
      Totals:         2       0       0       0       0
Total ram usage:        2 bytes
 Hardware stack levels used:    1
 This function calls:
		Nothing
 This function is called by:
		_LCD_displayString
 This function uses a non-reentrant model


 *************** function _LCD_init *****************
 Defined at:
		line 12 in file "LCD.c"
 Parameters:    Size  Location     Type
		None
 Auto vars:     Size  Location     Type
		None
 Return value:  Size  Location     Type
                  1    wreg      void 
 Registers used:
		wreg, status,2, status,0, pclath, cstack
 Tracked objects:
		On entry : 
		On exit  : 
		Unchanged: 
 Data sizes:     COMMON   BANK0   BANK1   BANK3   BANK2
      Params:         0       0       0       0       0
      Locals:         0       0       0       0       0
      Temps:          1       0       0       0       0
      Totals:         1       0       0       0       0
Total ram usage:        1 bytes
 Hardware stack levels used:    1
 Hardware stack levels required when called:    1
 This function calls:
		_LCD_sendCommand
 This function is called by:
		_main
 This function uses a non-reentrant model


 *************** function _LCD_sendCommand *****************
 Defined at:
		line 33 in file "LCD.c"
 Parameters:    Size  Location     Type
  command         1    wreg     unsigned char 
 Auto vars:     Size  Location     Type
  command         1    1[COMMON] unsigned char 
 Return value:  Size  Location     Type
                  1    wreg      void 
 Registers used:
		wreg, status,2, status,0
 Tracked objects:
		On entry : 
		On exit  : 
		Unchanged: 
 Data sizes:     COMMON   BANK0   BANK1   BANK3   BANK2
      Params:         0       0       0       0       0
      Locals:         1       0       0       0       0
      Temps:          1       0       0       0       0
      Totals:         2       0       0       0       0
Total ram usage:        2 bytes
 Hardware stack levels used:    1
 This function calls:
		Nothing
 This function is called by:
		_LCD_init
		_LCD_goToRowColum
		_LCD_clear
 This function uses a non-reentrant model


 *************** function _ADC_readChannel *****************
 Defined at:
		line 19 in file "ADC.c"
 Parameters:    Size  Location     Type
  channel         1    wreg     unsigned char 
 Auto vars:     Size  Location     Type
  channel         1    4[COMMON] unsigned char 
  ADC_value       2    5[COMMON] unsigned short 
 Return value:  Size  Location     Type
                  2    0[COMMON] unsigned short 
 Registers used:
		wreg, status,2, status,0, btemp+1
 Tracked objects:
		On entry : 
		On exit  : 
		Unchanged: 
 Data sizes:     COMMON   BANK0   BANK1   BANK3   BANK2
      Params:         2       0       0       0       0
      Locals:         3       0       0       0       0
      Temps:          2       0       0       0       0
      Totals:         7       0       0       0       0
Total ram usage:        7 bytes
 Hardware stack levels used:    1
 This function calls:
		Nothing
 This function is called by:
		_main
 This function uses a non-reentrant model


 *************** function _ADC_init *****************
 Defined at:
		line 11 in file "ADC.c"
 Parameters:    Size  Location     Type
		None
 Auto vars:     Size  Location     Type
		None
 Return value:  Size  Location     Type
                  1    wreg      void 
 Registers used:
		wreg
 Tracked objects:
		On entry : 
		On exit  : 
		Unchanged: 
 Data sizes:     COMMON   BANK0   BANK1   BANK3   BANK2
      Params:         0       0       0       0       0
      Locals:         0       0       0       0       0
      Temps:          0       0       0       0       0
      Totals:         0       0       0       0       0
Total ram usage:        0 bytes
 Hardware stack levels used:    1
 This function calls:
		Nothing
 This function is called by:
		_main
 This function uses a non-reentrant model



MODULE INFORMATION

Module		Function		Class		Link	Load	Size
C:\Program Files (x86)\Microchip\xc8\v2.10\pic\sources\c90\common\lwdiv.c
		___lwdiv       		CODE           	0EEF	0000	71

C:\Program Files (x86)\Microchip\xc8\v2.10\pic\sources\c90\common\lwdiv.c estimated size: 71

C:\Program Files (x86)\Microchip\xc8\v2.10\pic\sources\c90\common\fltol.c
		___fltol       		CODE           	008D	0000	125

C:\Program Files (x86)\Microchip\xc8\v2.10\pic\sources\c90\common\fltol.c estimated size: 125

C:\Program Files (x86)\Microchip\xc8\v2.10\pic\sources\c90\common\Umul16.c
		___wmul        		CODE           	0D7C	0000	38

C:\Program Files (x86)\Microchip\xc8\v2.10\pic\sources\c90\common\Umul16.c estimated size: 38

C:\Program Files (x86)\Microchip\xc8\v2.10\pic\sources\c90\common\itoa.c
		_itoa          		CODE           	0DA1	0000	39
		_utoa          		CODE           	001B	0000	115

C:\Program Files (x86)\Microchip\xc8\v2.10\pic\sources\c90\common\itoa.c estimated size: 154

C:\Program Files (x86)\Microchip\xc8\v2.10\pic\sources\c90\common\sprcmul.c
		___flmul       		CODE           	049B	0000	866

C:\Program Files (x86)\Microchip\xc8\v2.10\pic\sources\c90\common\sprcmul.c estimated size: 866

C:\Program Files (x86)\Microchip\xc8\v2.10\pic\sources\c90\common\Umul8_16.c
		__Umul8_16     		CODE           	0DC7	0000	40

C:\Program Files (x86)\Microchip\xc8\v2.10\pic\sources\c90\common\Umul8_16.c estimated size: 40

C:\Program Files (x86)\Microchip\xc8\v2.10\pic\sources\c90\common\sprcdiv.c
		___fldiv       		CODE           	02BE	0000	478

C:\Program Files (x86)\Microchip\xc8\v2.10\pic\sources\c90\common\sprcdiv.c estimated size: 478

C:\Program Files (x86)\Microchip\xc8\v2.10\pic\sources\c90\common\xxtofl.c
		___xxtofl      		CODE           	0109	0000	189

C:\Program Files (x86)\Microchip\xc8\v2.10\pic\sources\c90\common\xxtofl.c estimated size: 189

shared
		__stringtab    		STRING         	0800	0000	17
		__initialization		CODE           	07FC	0000	1

shared estimated size: 18

ADC.c
		_ADC_init      		CODE           	0D50	0000	19
		_ADC_readChannel		CODE           	0E7D	0000	57

ADC.c estimated size: 76

C:\Program Files (x86)\Microchip\xc8\v2.10\pic\sources\c90\common\lwmod.c
		___lwmod       		CODE           	0EB5	0000	59

C:\Program Files (x86)\Microchip\xc8\v2.10\pic\sources\c90\common\lwmod.c estimated size: 59

main.c
		_main          		CODE           	01C5	0000	250

main.c estimated size: 250

LCD.c
		_LCD_displayString		CODE           	0DEE	0000	44
		_LCD_sendCommand		CODE           	0F99	0000	104
		_LCD_goToRowColum		CODE           	0E46	0000	56
		_LCD_intergerToString		CODE           	0D62	0000	27
		_displayStringRowColom		CODE           	0004	0000	24
		_LCD_init      		CODE           	0E19	0000	46
		_LCD_displayCharacter		CODE           	0F35	0000	101

LCD.c estimated size: 402

