Microchip MPLAB XC8 Compiler V2.10 ()

Linker command line:

-W-3 --edf=C:\Program Files (x86)\Microchip\xc8\v2.10\pic\dat\en_msgs.txt \
  -cs -h+dist/default/production\Accident_Alarm_System.X.production.sym \
  --cmf=dist/default/production\Accident_Alarm_System.X.production.cmf -z \
  -Q16F877A -oC:\Users\Moham\AppData\Local\Temp\s688.2 \
  --defsym=__MPLAB_BUILD=1 \
  -Mdist/default/production/Accident_Alarm_System.X.production.map -E1 \
  -ver=XC8 --acfsm=1493 -ASTACK=0110h-016Fh -pstack=STACK \
  -ACODE=00h-07FFhx4 -ASTRCODE=00h-01FFFh -ASTRING=00h-0FFhx32 \
  -ACONST=00h-0FFhx32 -AENTRY=00h-0FFhx32 -ACOMMON=070h-07Fh \
  -ABANK0=020h-06Fh -ABANK1=0A0h-0EFh -ABANK2=0110h-016Fh \
  -ABANK3=0190h-01EFh -ARAM=020h-06Fh,0A0h-0EFh,0110h-016Fh,0190h-01EFh \
  -AABS1=020h-07Fh,0A0h-0EFh,0110h-016Fh,0190h-01EFh -ASFR0=00h-01Fh \
  -ASFR1=080h-09Fh -ASFR2=0100h-010Fh -ASFR3=0180h-018Fh \
  -preset_vec=00h,intentry,init,end_init -ppowerup=CODE -pcinit=CODE \
  -pfunctab=ENTRY -ACONFIG=02007h-02007h -pconfig=CONFIG -DCONFIG=2 \
  -AIDLOC=02000h-02003h -pidloc=IDLOC -DIDLOC=2 -AEEDATA=00h-0FFh/02100h \
  -peeprom_data=EEDATA -DEEDATA=2 -DCODE=2 -DSTRCODE=2 -DSTRING=2 -DCONST=2 \
  -DENTRY=2 -k C:\Users\Moham\AppData\Local\Temp\s688.o \
  dist/default/production\Accident_Alarm_System.X.production.o 

Object code version is 3.11

Machine type is 16F877A



                Name                               Link     Load   Length Selector   Space Scale
C:\Users\Moham\AppData\Local\Temp\s688.o
                end_init                              0        0        3        0       0
                config                             2007     2007        1     400E       0
dist/default/production\Accident_Alarm_System.X.production.o
                cinit                               7EE      7EE       12      FDC       0
                text10                              4D8      4D8       12      9B0       0
                text9                               4D2      4D2        6      9A4       0
                text8                               68A      68A       75      D14       0
                text7                               55D      55D       2D      ABA       0
                text6                               50F      50F       16      A1E       0
                text5                               6FF      6FF       EF      DFE       0
                text4                               618      618       72      C30       0
                text3                               53F      53F       1E      A7E       0
                text2                               58A      58A       37      B14       0
                text1                               4EA      4EA       12      9D4       0
                maintext                            5C1      5C1       57      B82       0
                cstackBANK0                          20       20       1E       20       1
                cstackCOMMON                         70       70        C       70       1
                inittext                            4FC      4FC       13      9F8       0
                dataBANK0                            3E       3E       1A       20       1
                strings                               3        3       1C        6       0
                idataBANK0                          525      525       1A      A4A       0

TOTAL           Name                               Link     Load   Length     Space
        CLASS   STACK          

        CLASS   CODE           
                end_init                              0        0        3         0
                cinit                               7EE      7EE       12         0
                text10                              4D8      4D8       12         0
                text9                               4D2      4D2        6         0
                text8                               68A      68A       75         0
                text7                               55D      55D       2D         0
                text6                               50F      50F       16         0
                text5                               6FF      6FF       EF         0
                text4                               618      618       72         0
                text3                               53F      53F       1E         0
                text2                               58A      58A       37         0
                text1                               4EA      4EA       12         0
                maintext                            5C1      5C1       57         0
                inittext                            4FC      4FC       13         0
                idataBANK0                          525      525       1A         0

        CLASS   STRCODE        

        CLASS   STRING         
                strings                               3        3       1C         0

        CLASS   CONST          

        CLASS   ENTRY          

        CLASS   COMMON         
                cstackCOMMON                         70       70        C         1

        CLASS   BANK0          
                cstackBANK0                          20       20       1E         1
                dataBANK0                            3E       3E       1A         1

        CLASS   BANK1          

        CLASS   BANK2          

        CLASS   BANK3          

        CLASS   RAM            

        CLASS   ABS1           
                abs_s1                               7E       7E        2         1

        CLASS   SFR0           

        CLASS   SFR1           

        CLASS   SFR2           

        CLASS   SFR3           

        CLASS   CONFIG         
                config                             2007     2007        1         0

        CLASS   IDLOC          

        CLASS   EEDATA         



SEGMENTS        Name                           Load    Length   Top    Selector   Space  Class     Delta

                reset_vec                      000000  000003  000003         0       0  CODE        2
                strings                        000003  00001C  00001F         6       0  STRING      2
                cstackBANK0                    000020  000038  000058        20       1  BANK0       1
                cstackCOMMON                   000070  00000C  00007C        70       1  COMMON      1
                text9                          0004D2  000006  0004D8       9A4       0  CODE        2
                text10                         0004D8  000012  0004EA       9B0       0  CODE        2
                text1                          0004EA  000012  0004FC       9D4       0  CODE        2
                inittext                       0004FC  000013  00050F       9F8       0  CODE        2
                text6                          00050F  000016  000525       A1E       0  CODE        2
                idataBANK0                     000525  00001A  00053F       A4A       0  CODE        2
                text3                          00053F  00001E  00055D       A7E       0  CODE        2
                text7                          00055D  00002D  00058A       ABA       0  CODE        2
                text2                          00058A  000037  0005C1       B14       0  CODE        2
                maintext                       0005C1  000057  000618       B82       0  CODE        2
                text4                          000618  000072  00068A       C30       0  CODE        2
                text8                          00068A  000075  0006FF       D14       0  CODE        2
                text5                          0006FF  0000EF  0007EE       DFE       0  CODE        2
                cinit                          0007EE  000012  000800       FDC       0  CODE        2
                config                         002007  000001  002008      400E       0  CONFIG      2


UNUSED ADDRESS RANGES

        Name                Unused          Largest block    Delta
        BANK0            0058-006F             18           1
        BANK1            00A0-00EF             50           1
        BANK2            0110-016F             60           1
        BANK3            0190-01EF             60           1
        CODE             001F-04D1            4B3           2
                         0800-1FFF            800
        COMMON           007C-007D              2           1
        CONST            001F-04D1            100           2
                         0800-1FFF            100
        EEDATA           2100-21FF            100           2
        ENTRY            001F-04D1            100           2
                         0800-1FFF            100
        IDLOC            2000-2003              4           2
        RAM              0058-006F             18           1
                         00A0-00EF             50
                         0110-016F             60
                         0190-01EF             60
        SFR0             0000-001F             20           1
        SFR1             0080-009F             20           1
        SFR2             0100-010F             10           1
        SFR3             0180-018F             10           1
        STACK            0110-016F             60           1
        STRCODE          001F-04D1            4B3           2
                         0800-1FFF           1800
        STRING           001F-04D1            100           2
                         0800-1FFF            100

                                  Symbol Table

GPS_setLocation@i               cstackCOMMON 0078
GPS_setLocation@i_205           cstackCOMMON 0079
GPS_setLocation@latitude        cstackCOMMON 0074
GPS_setLocation@longitude       cstackCOMMON 0077
GPS_setLocation@received_data   cstackCOMMON 007A
LCD_displayCharacter@character  cstackCOMMON 0072
LCD_displayString@data          cstackCOMMON 0075
LCD_displayString@i             cstackCOMMON 0074
LCD_goToRowColum@address        cstackCOMMON 0077
LCD_goToRowColum@col            cstackCOMMON 0073
LCD_goToRowColum@row            cstackCOMMON 0076
LCD_sendCommand@command         cstackCOMMON 0072
_GPS_init                       text9        04D2
_GPS_setLocation                text5        06FF
_LCD_displayCharacter           text4        0618
_LCD_displayString              text3        053F
_LCD_goToRowColum               text2        058A
_LCD_init                       text7        055D
_LCD_sendCommand                text8        068A
_PIR1                           (abs)        000C
_PORTB                          (abs)        0006
_RCIF                           (abs)        0065
_RCREG                          (abs)        001A
_RCSTAbits                      (abs)        0018
_SPBRG                          (abs)        0099
_TRISB                          (abs)        0086
_TRISC6                         (abs)        043E
_TRISC7                         (abs)        043F
_TRMT                           (abs)        04C1
_TXREG                          (abs)        0019
_TXSTA                          (abs)        0098
_TXSTAbits                      (abs)        0098
_UART_receiveByte               text6        050F
_UART_receiver_init             text10       04D8
__CFG_BOREN$ON                  (abs)        0000
__CFG_CP$OFF                    (abs)        0000
__CFG_CPD$OFF                   (abs)        0000
__CFG_FOSC$EXTRC                (abs)        0000
__CFG_LVP$ON                    (abs)        0000
__CFG_PWRTE$ON                  (abs)        0000
__CFG_WDTE$OFF                  (abs)        0000
__CFG_WRT$OFF                   (abs)        0000
__Habs1                         abs1         0000
__Hbank0                        bank0        0000
__Hbank1                        bank1        0000
__Hbank2                        bank2        0000
__Hbank3                        bank3        0000
__Hcinit                        cinit        0800
__Hclrtext                      clrtext      0000
__Hcode                         code         0000
__Hcommon                       common       0000
__Hconfig                       config       2008
__HcstackBANK0                  cstackBANK0  0000
__HcstackCOMMON                 cstackCOMMON 0000
__HdataBANK0                    dataBANK0    0000
__Heeprom_data                  eeprom_data  0000
__Hend_init                     end_init     0003
__Hfunctab                      functab      0000
__HidataBANK0                   idataBANK0   0000
__Hidloc                        idloc        0000
__Hinit                         init         0000
__Hinittext                     inittext     0000
__Hintentry                     intentry     0000
__Hmaintext                     maintext     0000
__Hpowerup                      powerup      0000
__Hram                          ram          0000
__Hreset_vec                    reset_vec    0000
__Hsfr0                         sfr0         0000
__Hsfr1                         sfr1         0000
__Hsfr2                         sfr2         0000
__Hsfr3                         sfr3         0000
__Hspace_0                      (abs)        2008
__Hspace_1                      (abs)        007C
__Hspace_2                      (abs)        0000
__Hspace_3                      (abs)        0000
__Hstack                        stack        0000
__Hstrings                      strings      0000
__Htext                         text         0000
__Labs1                         abs1         0000
__Lbank0                        bank0        0000
__Lbank1                        bank1        0000
__Lbank2                        bank2        0000
__Lbank3                        bank3        0000
__Lcinit                        cinit        07EE
__Lclrtext                      clrtext      0000
__Lcode                         code         0000
__Lcommon                       common       0000
__Lconfig                       config       2007
__LcstackBANK0                  cstackBANK0  0000
__LcstackCOMMON                 cstackCOMMON 0000
__LdataBANK0                    dataBANK0    0000
__Leeprom_data                  eeprom_data  0000
__Lend_init                     end_init     0000
__Lfunctab                      functab      0000
__LidataBANK0                   idataBANK0   0000
__Lidloc                        idloc        0000
__Linit                         init         0000
__Linittext                     inittext     0000
__Lintentry                     intentry     0000
__Lmaintext                     maintext     0000
__Lpowerup                      powerup      0000
__Lram                          ram          0000
__Lreset_vec                    reset_vec    0000
__Lsfr0                         sfr0         0000
__Lsfr1                         sfr1         0000
__Lsfr2                         sfr2         0000
__Lsfr3                         sfr3         0000
__Lspace_0                      (abs)        0000
__Lspace_1                      (abs)        0000
__Lspace_2                      (abs)        0000
__Lspace_3                      (abs)        0000
__Lstack                        stack        0000
__Lstrings                      strings      0000
__Ltext                         text         0000
__S0                            (abs)        2008
__S1                            (abs)        007C
__S2                            (abs)        0000
__S3                            (abs)        0000
___int_sp                       stack        0000
___latbits                      (abs)        0002
___sp                           stack        0000
___stackhi                      (abs)        0000
___stacklo                      (abs)        0000
__end_of_GPS_init               text9        04D8
__end_of_GPS_setLocation        text5        07EE
__end_of_LCD_displayCharacter   text4        068A
__end_of_LCD_displayString      text3        055D
__end_of_LCD_goToRowColum       text2        05C1
__end_of_LCD_init               text7        058A
__end_of_LCD_sendCommand        text8        06FF
__end_of_UART_receiveByte       text6        0525
__end_of_UART_receiver_init     text10       04EA
__end_of__initialization        cinit        07FC
__end_of__stringtab             strings      0009
__end_of_displayStringRowColom  text1        04FC
__end_of_main                   maintext     0618
__initialization                cinit        07EE
__pcstackBANK0                  cstackBANK0  0020
__pcstackCOMMON                 cstackCOMMON 0070
__pdataBANK0                    dataBANK0    003E
__pidataBANK0                   idataBANK0   0525
__pmaintext                     maintext     05C1
__pstrings                      strings      0003
__ptext1                        text1        04EA
__ptext10                       text10       04D8
__ptext2                        text2        058A
__ptext3                        text3        053F
__ptext4                        text4        0618
__ptext5                        text5        06FF
__ptext6                        text6        050F
__ptext7                        text7        055D
__ptext8                        text8        068A
__ptext9                        text9        04D2
__size_of_GPS_init              (abs)        0000
__size_of_GPS_setLocation       (abs)        0000
__size_of_LCD_displayCharacter  (abs)        0000
__size_of_LCD_displayString     (abs)        0000
__size_of_LCD_goToRowColum      (abs)        0000
__size_of_LCD_init              (abs)        0000
__size_of_LCD_sendCommand       (abs)        0000
__size_of_UART_receiveByte      (abs)        0000
__size_of_UART_receiver_init    (abs)        0000
__size_of_displayStringRowColom (abs)        0000
__size_of_main                  (abs)        0000
__stringbase                    strings      0008
__stringtab                     strings      0003
_displayStringRowColom          text1        04EA
_main                           maintext     05C1
btemp                           (abs)        007E
displayStringRowColom@col       cstackCOMMON 0078
displayStringRowColom@data      cstackCOMMON 0079
displayStringRowColom@row       cstackCOMMON 007B
end_of_initialization           cinit        07FC
init_fetch0                     inittext     04FC
init_ram0                       inittext     0500
intlevel0                       functab      0000
intlevel1                       functab      0000
intlevel2                       functab      0000
intlevel3                       functab      0000
intlevel4                       functab      0000
intlevel5                       functab      0000
main@F1122                      dataBANK0    004B
main@F1124                      dataBANK0    003E
main@latitude                   cstackBANK0  0031
main@longitude                  cstackBANK0  0024
reset_vec                       reset_vec    0000
start                           init         0000
start_initialization            cinit        07EE
wtemp0                          (abs)        007E


FUNCTION INFORMATION:

 *************** function _main *****************
 Defined at:
		line 12 in file "main.c"
 Parameters:    Size  Location     Type
		None
 Auto vars:     Size  Location     Type
  latitude       13   17[BANK0 ] unsigned char [13]
  longitude      13    4[BANK0 ] unsigned char [13]
 Return value:  Size  Location     Type
                  1    wreg      void 
 Registers used:
		wreg, fsr0l, fsr0h, status,2, status,0, pclath, cstack
 Tracked objects:
		On entry : 
		On exit  : 
		Unchanged: 
 Data sizes:     COMMON   BANK0   BANK1   BANK3   BANK2
      Params:         0       0       0       0       0
      Locals:         0      26       0       0       0
      Temps:          0       4       0       0       0
      Totals:         0      30       0       0       0
Total ram usage:       30 bytes
 Hardware stack levels required when called:    3
 This function calls:
		_GPS_init
		_GPS_setLocation
		_LCD_displayString
		_LCD_init
		_displayStringRowColom
 This function is called by:
		Startup code after reset
 This function uses a non-reentrant model


 *************** function _displayStringRowColom *****************
 Defined at:
		line 124 in file "LCD.c"
 Parameters:    Size  Location     Type
  row             1    wreg     unsigned char 
  col             1    8[COMMON] unsigned char 
  data            1    9[COMMON] PTR unsigned char 
		 -> main@longitude(13), 
 Auto vars:     Size  Location     Type
  row             1   11[COMMON] unsigned char 
 Return value:  Size  Location     Type
                  1    wreg      void 
 Registers used:
		wreg, fsr0l, fsr0h, status,2, status,0, pclath, cstack
 Tracked objects:
		On entry : 
		On exit  : 
		Unchanged: 
 Data sizes:     COMMON   BANK0   BANK1   BANK3   BANK2
      Params:         2       0       0       0       0
      Locals:         1       0       0       0       0
      Temps:          1       0       0       0       0
      Totals:         4       0       0       0       0
Total ram usage:        4 bytes
 Hardware stack levels used:    1
 Hardware stack levels required when called:    2
 This function calls:
		_LCD_displayString
		_LCD_goToRowColum
 This function is called by:
		_main
 This function uses a non-reentrant model


 *************** function _LCD_goToRowColum *****************
 Defined at:
		line 111 in file "LCD.c"
 Parameters:    Size  Location     Type
  row             1    wreg     unsigned char 
  col             1    3[COMMON] unsigned char 
 Auto vars:     Size  Location     Type
  row             1    6[COMMON] unsigned char 
  address         1    7[COMMON] unsigned char 
 Return value:  Size  Location     Type
                  1    wreg      void 
 Registers used:
		wreg, fsr0l, fsr0h, status,2, status,0, pclath, cstack
 Tracked objects:
		On entry : 
		On exit  : 
		Unchanged: 
 Data sizes:     COMMON   BANK0   BANK1   BANK3   BANK2
      Params:         1       0       0       0       0
      Locals:         2       0       0       0       0
      Temps:          2       0       0       0       0
      Totals:         5       0       0       0       0
Total ram usage:        5 bytes
 Hardware stack levels used:    1
 Hardware stack levels required when called:    1
 This function calls:
		_LCD_sendCommand
 This function is called by:
		_displayStringRowColom
 This function uses a non-reentrant model


 *************** function _LCD_displayString *****************
 Defined at:
		line 102 in file "LCD.c"
 Parameters:    Size  Location     Type
  data            1    wreg     PTR unsigned char 
		 -> LCD_intergerToString@buffer(16), main@latitude(13), main@longitude(13), 
 Auto vars:     Size  Location     Type
  data            1    5[COMMON] PTR unsigned char 
		 -> LCD_intergerToString@buffer(16), main@latitude(13), main@longitude(13), 
  i               1    4[COMMON] unsigned char 
 Return value:  Size  Location     Type
                  1    wreg      void 
 Registers used:
		wreg, fsr0l, fsr0h, status,2, status,0, pclath, cstack
 Tracked objects:
		On entry : 
		On exit  : 
		Unchanged: 
 Data sizes:     COMMON   BANK0   BANK1   BANK3   BANK2
      Params:         0       0       0       0       0
      Locals:         2       0       0       0       0
      Temps:          1       0       0       0       0
      Totals:         3       0       0       0       0
Total ram usage:        3 bytes
 Hardware stack levels used:    1
 Hardware stack levels required when called:    1
 This function calls:
		_LCD_displayCharacter
 This function is called by:
		_main
		_displayStringRowColom
		_LCD_intergerToString
 This function uses a non-reentrant model


 *************** function _LCD_displayCharacter *****************
 Defined at:
		line 66 in file "LCD.c"
 Parameters:    Size  Location     Type
  character       1    wreg     unsigned char 
 Auto vars:     Size  Location     Type
  character       1    2[COMMON] unsigned char 
 Return value:  Size  Location     Type
                  1    wreg      void 
 Registers used:
		wreg, status,2, status,0
 Tracked objects:
		On entry : 
		On exit  : 
		Unchanged: 
 Data sizes:     COMMON   BANK0   BANK1   BANK3   BANK2
      Params:         0       0       0       0       0
      Locals:         1       0       0       0       0
      Temps:          2       0       0       0       0
      Totals:         3       0       0       0       0
Total ram usage:        3 bytes
 Hardware stack levels used:    1
 This function calls:
		Nothing
 This function is called by:
		_LCD_displayString
 This function uses a non-reentrant model


 *************** function _GPS_setLocation *****************
 Defined at:
		line 16 in file "GPS.c"
 Parameters:    Size  Location     Type
  longitude       1    wreg     PTR unsigned char 
		 -> main@longitude(13), 
  latitude        1    4[COMMON] PTR unsigned char 
		 -> main@latitude(13), 
 Auto vars:     Size  Location     Type
  longitude       1    7[COMMON] PTR unsigned char 
		 -> main@longitude(13), 
  i               1    9[COMMON] unsigned char 
  i               1    8[COMMON] unsigned char 
  received_dat    1   10[COMMON] unsigned char 
 Return value:  Size  Location     Type
                  1    wreg      void 
 Registers used:
		wreg, fsr0l, fsr0h, status,2, status,0, pclath, cstack
 Tracked objects:
		On entry : 
		On exit  : 
		Unchanged: 
 Data sizes:     COMMON   BANK0   BANK1   BANK3   BANK2
      Params:         1       0       0       0       0
      Locals:         4       0       0       0       0
      Temps:          2       0       0       0       0
      Totals:         7       0       0       0       0
Total ram usage:        7 bytes
 Hardware stack levels used:    1
 Hardware stack levels required when called:    2
 This function calls:
		_LCD_init
		_UART_receiveByte
 This function is called by:
		_main
 This function uses a non-reentrant model


 *************** function _UART_receiveByte *****************
 Defined at:
		line 56 in file "UART.c"
 Parameters:    Size  Location     Type
		None
 Auto vars:     Size  Location     Type
		None
 Return value:  Size  Location     Type
                  1    wreg      unsigned char 
 Registers used:
		wreg, status,2, status,0
 Tracked objects:
		On entry : 
		On exit  : 
		Unchanged: 
 Data sizes:     COMMON   BANK0   BANK1   BANK3   BANK2
      Params:         0       0       0       0       0
      Locals:         0       0       0       0       0
      Temps:          1       0       0       0       0
      Totals:         1       0       0       0       0
Total ram usage:        1 bytes
 Hardware stack levels used:    1
 This function calls:
		Nothing
 This function is called by:
		_GPS_setLocation
		_UART_receiveString
 This function uses a non-reentrant model


 *************** function _LCD_init *****************
 Defined at:
		line 12 in file "LCD.c"
 Parameters:    Size  Location     Type
		None
 Auto vars:     Size  Location     Type
		None
 Return value:  Size  Location     Type
                  1    wreg      void 
 Registers used:
		wreg, status,2, status,0, pclath, cstack
 Tracked objects:
		On entry : 
		On exit  : 
		Unchanged: 
 Data sizes:     COMMON   BANK0   BANK1   BANK3   BANK2
      Params:         0       0       0       0       0
      Locals:         0       0       0       0       0
      Temps:          1       0       0       0       0
      Totals:         1       0       0       0       0
Total ram usage:        1 bytes
 Hardware stack levels used:    1
 Hardware stack levels required when called:    1
 This function calls:
		_LCD_sendCommand
 This function is called by:
		_main
		_GPS_setLocation
 This function uses a non-reentrant model


 *************** function _LCD_sendCommand *****************
 Defined at:
		line 33 in file "LCD.c"
 Parameters:    Size  Location     Type
  command         1    wreg     unsigned char 
 Auto vars:     Size  Location     Type
  command         1    2[COMMON] unsigned char 
 Return value:  Size  Location     Type
                  1    wreg      void 
 Registers used:
		wreg, status,2, status,0
 Tracked objects:
		On entry : 
		On exit  : 
		Unchanged: 
 Data sizes:     COMMON   BANK0   BANK1   BANK3   BANK2
      Params:         0       0       0       0       0
      Locals:         1       0       0       0       0
      Temps:          2       0       0       0       0
      Totals:         3       0       0       0       0
Total ram usage:        3 bytes
 Hardware stack levels used:    1
 This function calls:
		Nothing
 This function is called by:
		_LCD_init
		_LCD_goToRowColum
		_LCD_clear
 This function uses a non-reentrant model


 *************** function _GPS_init *****************
 Defined at:
		line 11 in file "GPS.c"
 Parameters:    Size  Location     Type
		None
 Auto vars:     Size  Location     Type
		None
 Return value:  Size  Location     Type
                  1    wreg      void 
 Registers used:
		wreg, status,2, status,0, pclath, cstack
 Tracked objects:
		On entry : 
		On exit  : 
		Unchanged: 
 Data sizes:     COMMON   BANK0   BANK1   BANK3   BANK2
      Params:         0       0       0       0       0
      Locals:         0       0       0       0       0
      Temps:          0       0       0       0       0
      Totals:         0       0       0       0       0
Total ram usage:        0 bytes
 Hardware stack levels used:    1
 Hardware stack levels required when called:    1
 This function calls:
		_UART_receiver_init
 This function is called by:
		_main
 This function uses a non-reentrant model


 *************** function _UART_receiver_init *****************
 Defined at:
		line 35 in file "UART.c"
 Parameters:    Size  Location     Type
		None
 Auto vars:     Size  Location     Type
		None
 Return value:  Size  Location     Type
                  1    wreg      void 
 Registers used:
		wreg
 Tracked objects:
		On entry : 
		On exit  : 
		Unchanged: 
 Data sizes:     COMMON   BANK0   BANK1   BANK3   BANK2
      Params:         0       0       0       0       0
      Locals:         0       0       0       0       0
      Temps:          0       0       0       0       0
      Totals:         0       0       0       0       0
Total ram usage:        0 bytes
 Hardware stack levels used:    1
 This function calls:
		Nothing
 This function is called by:
		_GPS_init
		_GSM_init
 This function uses a non-reentrant model



MODULE INFORMATION

Module		Function		Class		Link	Load	Size
UART.c
		_UART_receiveByte		CODE           	050F	0000	23
		_UART_receiver_init		CODE           	04D8	0000	19

UART.c estimated size: 42

shared
		__stringtab    		STRING         	0003	0000	7
		__initialization		CODE           	07EE	0000	15

shared estimated size: 22

GPS.c
		_GPS_setLocation		CODE           	06FF	0000	240
		_GPS_init      		CODE           	04D2	0000	7

GPS.c estimated size: 247

main.c
		_main          		CODE           	05C1	0000	88

main.c estimated size: 88

LCD.c
		_LCD_displayString		CODE           	053F	0000	31
		_LCD_sendCommand		CODE           	068A	0000	118
		_LCD_goToRowColum		CODE           	058A	0000	56
		_displayStringRowColom		CODE           	04EA	0000	19
		_LCD_init      		CODE           	055D	0000	46
		_LCD_displayCharacter		CODE           	0618	0000	115

LCD.c estimated size: 385

